ERC report (2026-07-19T16:24:15, Encoding UTF8)
Report includes: Errors

***** Sheet /slate113/
[label_dangling]: Label not connected
    ; error
    @(5850 mils, 4900 mils): Global Label 'USB1_CC2'

***** Sheet /Main_Board/
[power_pin_not_driven]: Input Power pin not driven by any Output Power pins
    ; error
    @(2750 mils, 6900 mils): Symbol U11 Pin 5 [IN, Power input, Line]
[pin_not_driven]: Input pin not driven by any Output pins
    ; error
    @(2750 mils, 7000 mils): Symbol U11 Pin 3 [EN, Input, Line]
[pin_not_connected]: Pin not connected
    ; error
    @(5200 mils, 4150 mils): Symbol J5 Pin 5 [5, Unspecified, Line]
[pin_not_connected]: Pin not connected
    ; error
    @(5400 mils, 4150 mils): Symbol J5 Pin 3 [3, Unspecified, Line]
[pin_not_connected]: Pin not connected
    ; error
    @(5900 mils, 7300 mils): Symbol CN7 Pin 14 [14, Unspecified, Line]
[pin_not_connected]: Pin not connected
    ; error
    @(5900 mils, 8000 mils): Symbol CN7 Pin 13 [13, Unspecified, Line]
[pin_not_connected]: Pin not connected
    ; error
    @(6000 mils, 7300 mils): Symbol CN7 Pin 16 [16, Unspecified, Line]
[pin_not_connected]: Pin not connected
    ; error
    @(6000 mils, 8000 mils): Symbol CN7 Pin 15 [15, Unspecified, Line]
[pin_not_connected]: Pin not connected
    ; error
    @(6100 mils, 7300 mils): Symbol CN7 Pin 18 [18, Unspecified, Line]
[pin_not_connected]: Pin not connected
    ; error
    @(6100 mils, 8000 mils): Symbol CN7 Pin 17 [17, Unspecified, Line]
[pin_not_connected]: Pin not connected
    ; error
    @(6200 mils, 7300 mils): Symbol CN7 Pin 20 [20, Unspecified, Line]
[pin_not_connected]: Pin not connected
    ; error
    @(6200 mils, 8000 mils): Symbol CN7 Pin 19 [19, Unspecified, Line]
[pin_not_connected]: Pin not connected
    ; error
    @(10800 mils, 7400 mils): Symbol CN2 Pin 46 [46, Unspecified, Line]
[pin_not_connected]: Pin not connected
    ; error
    @(10800 mils, 7900 mils): Symbol CN2 Pin 45 [45, Unspecified, Line]
[pin_not_connected]: Pin not connected
    ; error
    @(10900 mils, 7400 mils): Symbol CN2 Pin 48 [48, Unspecified, Line]
[pin_not_connected]: Pin not connected
    ; error
    @(10900 mils, 7900 mils): Symbol CN2 Pin 47 [47, Unspecified, Line]
[pin_not_connected]: Pin not connected
    ; error
    @(11000 mils, 7400 mils): Symbol CN2 Pin 50 [50, Unspecified, Line]
[pin_not_connected]: Pin not connected
    ; error
    @(11000 mils, 7900 mils): Symbol CN2 Pin 49 [49, Unspecified, Line]

***** Sheet /IO/
[power_pin_not_driven]: Input Power pin not driven by any Output Power pins
    ; error
    @(1000 mils, 1400 mils): Symbol J6 Pin 4 [VDD, Power input, Line]
[pin_not_driven]: Input pin not driven by any Output pins
    ; error
    @(1000 mils, 1500 mils): Symbol J6 Pin 5 [CLK, Input, Line]
[power_pin_not_driven]: Input Power pin not driven by any Output Power pins
    ; error
    @(1000 mils, 3100 mils): Symbol J1 Pin 1 [VBUS, Power input, Line]
[pin_not_driven]: Input pin not driven by any Output pins
    ; error
    @(1800 mils, 3100 mils): Symbol J1 Pin 8 [SSTX-, Input, Line]
[pin_not_driven]: Input pin not driven by any Output pins
    ; error
    @(1900 mils, 3100 mils): Symbol J1 Pin 9 [SSTX+, Input, Line]
[pin_not_connected]: Pin not connected
    ; error
    @(5900 mils, 4900 mils): Symbol U1 Pin 14 [CC2, Unspecified, Line]
[pin_not_driven]: Input pin not driven by any Output pins
    ; error
    @(7250 mils, 7550 mils): Symbol U16 Pin 4 [SSUSB_RXN, Input, Line]
[pin_not_driven]: Input pin not driven by any Output pins
    ; error
    @(7250 mils, 7650 mils): Symbol U16 Pin 5 [SSUSB_RXP, Input, Line]
[power_pin_not_driven]: Input Power pin not driven by any Output Power pins
    ; error
    @(8500 mils, 8100 mils): Symbol U16 Pin 27 [DVDD, Power input, Line]
[pin_not_connected]: Pin not connected
    ; error
    @(9050 mils, 6900 mils): Symbol U16 Pin 33 [WIFI0, Passive, Line]
[pin_not_connected]: Pin not connected
    ; error
    @(9150 mils, 6900 mils): Symbol U16 Pin 34 [WIFI1, Passive, Line]
[pin_not_connected]: Pin not connected
    ; error
    @(9250 mils, 6900 mils): Symbol U16 Pin 35 [BT0, Passive, Line]
[pin_not_connected]: Pin not connected
    ; error
    @(9350 mils, 6900 mils): Symbol U16 Pin 36 [BT1, Passive, Line]
[power_pin_not_driven]: Input Power pin not driven by any Output Power pins
    ; error
    @(10900 mils, 8750 mils): Symbol U17 Pin 5 [IN, Power input, Line]
[pin_not_driven]: Input pin not driven by any Output pins
    ; error
    @(10900 mils, 8850 mils): Symbol U17 Pin 3 [EN, Input, Line]
[power_pin_not_driven]: Input Power pin not driven by any Output Power pins
    ; error
    @(15150 mils, 1100 mils): Symbol U10 Pin 5 [IN, Power input, Line]
[pin_not_driven]: Input pin not driven by any Output pins
    ; error
    @(15150 mils, 1200 mils): Symbol U10 Pin 3 [EN, Input, Line]
[power_pin_not_driven]: Input Power pin not driven by any Output Power pins
    ; error
    @(15150 mils, 2400 mils): Symbol U14 Pin 5 [IN, Power input, Line]
[pin_not_driven]: Input pin not driven by any Output pins
    ; error
    @(15150 mils, 2500 mils): Symbol U14 Pin 3 [EN, Input, Line]
[pin_not_connected]: Pin not connected
    ; error
    @(15150 mils, 6650 mils): Symbol CN1 Pin 45 [45, Unspecified, Line]
[pin_not_connected]: Pin not connected
    ; error
    @(15150 mils, 6750 mils): Symbol CN1 Pin 47 [47, Unspecified, Line]
[pin_not_connected]: Pin not connected
    ; error
    @(15150 mils, 6850 mils): Symbol CN1 Pin 49 [49, Unspecified, Line]
[pin_not_connected]: Pin not connected
    ; error
    @(15650 mils, 6650 mils): Symbol CN1 Pin 46 [46, Unspecified, Line]
[pin_not_connected]: Pin not connected
    ; error
    @(15650 mils, 6750 mils): Symbol CN1 Pin 48 [48, Unspecified, Line]
[pin_not_connected]: Pin not connected
    ; error
    @(15650 mils, 6850 mils): Symbol CN1 Pin 50 [50, Unspecified, Line]

***** Sheet /Power/
[pin_not_connected]: Pin not connected
    ; error
    @(4050 mils, 1950 mils): Symbol U2 Pin 4 [DP, Bidirectional, Line]
[pin_not_connected]: Pin not connected
    ; error
    @(9650 mils, 1350 mils): Symbol CN3 Pin 14 [14, Unspecified, Line]
[pin_not_connected]: Pin not connected
    ; error
    @(9650 mils, 2050 mils): Symbol CN3 Pin 13 [13, Unspecified, Line]
[pin_not_connected]: Pin not connected
    ; error
    @(9750 mils, 1350 mils): Symbol CN3 Pin 16 [16, Unspecified, Line]
[pin_not_connected]: Pin not connected
    ; error
    @(9750 mils, 2050 mils): Symbol CN3 Pin 15 [15, Unspecified, Line]
[pin_not_connected]: Pin not connected
    ; error
    @(9850 mils, 1350 mils): Symbol CN3 Pin 18 [18, Unspecified, Line]
[pin_not_connected]: Pin not connected
    ; error
    @(9850 mils, 2050 mils): Symbol CN3 Pin 17 [17, Unspecified, Line]
[pin_not_connected]: Pin not connected
    ; error
    @(9950 mils, 1350 mils): Symbol CN3 Pin 20 [20, Unspecified, Line]
[pin_not_connected]: Pin not connected
    ; error
    @(9950 mils, 2050 mils): Symbol CN3 Pin 19 [19, Unspecified, Line]

***** Sheet /M.2/
[power_pin_not_driven]: Input Power pin not driven by any Output Power pins
    ; error
    @(1800 mils, 4800 mils): Symbol J9 Pin 2 [3.3V, Power input, Line]
[pin_to_pin]: Pins of type Output and Power output are connected
    ; error
    @(2800 mils, 2000 mils): Symbol J9 Pin 38 [DEVSLP, Output, Line]
    @(3350 mils, 6150 mils): Symbol #FLG02 Pin 1 [Power output, Line]
[pin_not_driven]: Input pin not driven by any Output pins
    ; error
    @(2800 mils, 2200 mils): Symbol J9 Pin 30 [UIM-RESET, Input, Line]
[pin_not_driven]: Input pin not driven by any Output pins
    ; error
    @(2800 mils, 2300 mils): Symbol J9 Pin 32 [UIM-CLK, Input, Line]
[pin_not_driven]: Input pin not driven by any Output pins
    ; error
    @(2800 mils, 2500 mils): Symbol J9 Pin 36 [UIM-PWR, Input, Line]
[pin_not_connected]: Pin not connected
    ; error
    @(2800 mils, 3900 mils): Symbol J9 Pin 41 [PERn0/SATA-B+, Input, Line]
[pin_not_driven]: Input pin not driven by any Output pins
    ; error
    @(2800 mils, 3900 mils): Symbol J9 Pin 41 [PERn0/SATA-B+, Input, Line]
[pin_not_connected]: Pin not connected
    ; error
    @(2800 mils, 4000 mils): Symbol J9 Pin 43 [PERp0/SATA-B-, Input, Line]
[pin_not_driven]: Input pin not driven by any Output pins
    ; error
    @(2800 mils, 4000 mils): Symbol J9 Pin 43 [PERp0/SATA-B-, Input, Line]
[pin_to_pin]: Pins of type Output and Output are connected
    ; error
    @(2800 mils, 4600 mils): Symbol J9 Pin 50 [~{PERST}, Output, Line]
    @(2800 mils, 1700 mils): Symbol J9 Pin 67 [~{RESET}, Output, Line]

***** Sheet /PowerFlex/
[pin_not_connected]: Pin not connected
    ; error
    @(2250 mils, 1400 mils): Symbol CN12 Pin 14 [14, Unspecified, Line]
[pin_not_connected]: Pin not connected
    ; error
    @(2250 mils, 2100 mils): Symbol CN12 Pin 13 [13, Unspecified, Line]
[pin_not_connected]: Pin not connected
    ; error
    @(2350 mils, 1400 mils): Symbol CN12 Pin 16 [16, Unspecified, Line]
[pin_not_connected]: Pin not connected
    ; error
    @(2350 mils, 2100 mils): Symbol CN12 Pin 15 [15, Unspecified, Line]
[pin_not_connected]: Pin not connected
    ; error
    @(2450 mils, 1400 mils): Symbol CN12 Pin 18 [18, Unspecified, Line]
[pin_not_connected]: Pin not connected
    ; error
    @(2450 mils, 2100 mils): Symbol CN12 Pin 17 [17, Unspecified, Line]
[pin_not_connected]: Pin not connected
    ; error
    @(2550 mils, 1400 mils): Symbol CN12 Pin 20 [20, Unspecified, Line]
[pin_not_connected]: Pin not connected
    ; error
    @(2550 mils, 2100 mils): Symbol CN12 Pin 19 [19, Unspecified, Line]
[pin_not_connected]: Pin not connected
    ; error
    @(5900 mils, 1400 mils): Symbol CN13 Pin 14 [14, Unspecified, Line]
[pin_not_connected]: Pin not connected
    ; error
    @(5900 mils, 2100 mils): Symbol CN13 Pin 13 [13, Unspecified, Line]
[pin_not_connected]: Pin not connected
    ; error
    @(6000 mils, 1400 mils): Symbol CN13 Pin 16 [16, Unspecified, Line]
[pin_not_connected]: Pin not connected
    ; error
    @(6000 mils, 2100 mils): Symbol CN13 Pin 15 [15, Unspecified, Line]
[pin_not_connected]: Pin not connected
    ; error
    @(6100 mils, 1400 mils): Symbol CN13 Pin 18 [18, Unspecified, Line]
[pin_not_connected]: Pin not connected
    ; error
    @(6100 mils, 2100 mils): Symbol CN13 Pin 17 [17, Unspecified, Line]
[pin_not_connected]: Pin not connected
    ; error
    @(6200 mils, 1400 mils): Symbol CN13 Pin 20 [20, Unspecified, Line]
[pin_not_connected]: Pin not connected
    ; error
    @(6200 mils, 2100 mils): Symbol CN13 Pin 19 [19, Unspecified, Line]

***** Sheet /M.2Flex/

***** Sheet /IOFlex/
[pin_not_connected]: Pin not connected
    ; error
    @(3700 mils, 2700 mils): Symbol CN4 Pin 46 [46, Unspecified, Line]
[pin_not_connected]: Pin not connected
    ; error
    @(3700 mils, 3200 mils): Symbol CN4 Pin 45 [45, Unspecified, Line]
[pin_not_connected]: Pin not connected
    ; error
    @(3800 mils, 2700 mils): Symbol CN4 Pin 48 [48, Unspecified, Line]
[pin_not_connected]: Pin not connected
    ; error
    @(3800 mils, 3200 mils): Symbol CN4 Pin 47 [47, Unspecified, Line]
[pin_not_connected]: Pin not connected
    ; error
    @(3900 mils, 2700 mils): Symbol CN4 Pin 50 [50, Unspecified, Line]
[pin_not_connected]: Pin not connected
    ; error
    @(3900 mils, 3200 mils): Symbol CN4 Pin 49 [49, Unspecified, Line]
[pin_not_connected]: Pin not connected
    ; error
    @(6600 mils, 1300 mils): Symbol CN10 Pin 46 [46, Unspecified, Line]
[pin_not_connected]: Pin not connected
    ; error
    @(6600 mils, 1800 mils): Symbol CN10 Pin 45 [45, Unspecified, Line]
[pin_not_connected]: Pin not connected
    ; error
    @(6700 mils, 1300 mils): Symbol CN10 Pin 48 [48, Unspecified, Line]
[pin_not_connected]: Pin not connected
    ; error
    @(6700 mils, 1800 mils): Symbol CN10 Pin 47 [47, Unspecified, Line]
[pin_not_connected]: Pin not connected
    ; error
    @(6800 mils, 1300 mils): Symbol CN10 Pin 50 [50, Unspecified, Line]
[pin_not_connected]: Pin not connected
    ; error
    @(6800 mils, 1800 mils): Symbol CN10 Pin 49 [49, Unspecified, Line]

 ** ERC messages: 91  Errors 91  Warnings 0

 ** Ignored checks:
    - Global label only appears once in the schematic
    - Four connection points are joined together
    - SPICE model issue
    - Assigned footprint doesn't match footprint filters
